src/App.tsx(2,33): error TS6133: 'MapPin' is declared but its value is never read.
src/pages/Login.tsx(6,25): error TS6133: 'theme' is declared but its value is never read.
src/pages/MatchList.tsx(4,27): error TS6133: 'MapPin' is declared but its value is never read.
